شفت النتائج ديالك، كيبان لي باللي لكائنات ديال السكر فدماك عاليه شوية، 130 ملغ/دل غلوكوز، و هادشي ممكن يكون علامة على مشكل صحي. و لكن، كاين نتيجة خرا مهمة، و هو A1c، اللي كيبين لينا معدل السكر فدماك على فترة طويلة، و هي 7.2، و هادشي كيهز علامة حمراء شوية، بلاني لازم تاخد بالك من نظام غذائي ديالك و تتبع العلاج اللي كتبو لك. و برشا كوليسترول 195، و هادشي مش كبيئر بزاف. لكن，كيان لي خايب و كيان لي رايق، لازم ناقشوها بزاف مع طبيب ديالك و نديرو الفحوصات اللازمة علاطلاع أكثر.
--- HAS AUDIO: True